[16:35:04] LISTEN :5000 — conecta el Next como DIRECT GUEST
[17:32:54] CONNECTED 192.168.0.122:20319
[17:32:54] TX HELLO DIRECT HOST WHITE=GUEST
[17:32:54] RX HELLO DIRECT GUEST
[17:32:54] TX GAME START WHITE=GUEST
[17:32:54] RX HELLO DIRECT GUEST
[17:32:54] TX HELLO DIRECT HOST WHITE=GUEST
[17:32:54] RX ACK GAME START
[17:32:54] PASO 1 — mueve e2-e4 en el Next
[17:32:59] RX PING
[17:32:59] TX ACK PING
[17:33:02] RX PING
[17:33:02] TX ACK PING
[17:33:05] RX PING
[17:33:05] TX ACK PING
[17:33:09] RX PING
[17:33:09] TX ACK PING
[17:33:12] RX PING
[17:33:12] TX ACK PING
[17:33:15] RX PING
[17:33:15] TX ACK PING
[17:33:18] RX PING
[17:33:18] TX ACK PING
[17:33:21] RX PING
[17:33:21] TX ACK PING
[17:33:25] RX PING
[17:33:25] TX ACK PING
[17:33:28] RX PING
[17:33:28] TX ACK PING
[17:33:31] RX PING
[17:33:31] TX ACK PING
[17:33:34] RX PING
[17:33:34] TX ACK PING
[17:33:38] RX PING
[17:33:38] TX ACK PING
[17:33:41] RX PING
[17:33:41] TX ACK PING
[17:33:44] RX PING
[17:33:44] TX ACK PING
[17:33:47] RX PING
[17:33:47] TX ACK PING
[17:33:50] RX PING
[17:33:50] TX ACK PING
[17:33:54] RX PING
[17:33:54] TX ACK PING
[17:33:57] RX PING
[17:33:57] TX ACK PING
[17:34:00] RX PING
[17:34:00] TX ACK PING
[17:34:03] RX PING
[17:34:03] TX ACK PING
[17:34:06] RX PING
[17:34:06] TX ACK PING
[17:34:10] RX PING
[17:34:10] TX ACK PING
[17:34:13] RX PING
[17:34:13] TX ACK PING
[17:34:16] RX PING
[17:34:16] TX ACK PING
[17:34:19] RX PING
[17:34:19] TX ACK PING
[17:34:22] RX PING
[17:34:22] TX ACK PING
[17:34:26] RX PING
[17:34:26] TX ACK PING
[17:34:29] RX PING
[17:34:29] TX ACK PING
[17:34:32] RX PING
[17:34:32] TX ACK PING
[17:34:35] RX PING
[17:34:35] TX ACK PING
[17:34:38] RX PING
[17:34:38] TX ACK PING
[17:34:42] RX PING
[17:34:42] TX ACK PING
[17:34:45] RX PING
[17:34:45] TX ACK PING
[17:34:48] RX PING
[17:34:48] TX ACK PING
[17:34:51] RX PING
[17:34:51] TX ACK PING
[17:34:54] RX PING
[17:34:54] TX ACK PING
[17:34:58] RX PING
[17:34:58] TX ACK PING
[17:35:01] RX PING
[17:35:01] TX ACK PING
[17:35:04] RX PING
[17:35:04] TX ACK PING
[17:35:07] RX PING
[17:35:07] TX ACK PING
[17:35:10] RX PING
[17:35:10] TX ACK PING
[17:35:14] RX PING
[17:35:14] TX ACK PING
[17:35:17] RX PING
[17:35:17] TX ACK PING
[17:35:20] RX PING
[17:35:20] TX ACK PING
[17:35:23] RX PING
[17:35:23] TX ACK PING
[17:35:26] RX PING
[17:35:26] TX ACK PING
[17:35:30] RX PING
[17:35:30] TX ACK PING
[17:35:33] RX PING
[17:35:33] TX ACK PING
[17:35:36] RX PING
[17:35:36] TX ACK PING
[17:35:39] RX PING
[17:35:39] TX ACK PING
[17:35:42] RX PING
[17:35:42] TX ACK PING
[17:35:46] RX PING
[17:35:46] TX ACK PING
[17:35:49] RX PING
[17:35:49] TX ACK PING
[17:35:52] RX PING
[17:35:52] TX ACK PING
[17:35:55] RX PING
[17:35:55] TX ACK PING
[17:35:58] RX PING
[17:35:58] TX ACK PING
[17:36:02] RX PING
[17:36:02] TX ACK PING
[17:36:05] RX PING
[17:36:05] TX ACK PING
[17:36:08] RX PING
[17:36:08] TX ACK PING
[17:36:11] RX PING
[17:36:11] TX ACK PING
[17:36:14] RX PING
[17:36:14] TX ACK PING
[17:36:18] RX PING
[17:36:18] TX ACK PING
[17:36:21] RX PING
[17:36:21] TX ACK PING
[17:36:24] RX PING
[17:36:24] TX ACK PING
[17:36:27] RX PING
[17:36:27] TX ACK PING
[17:36:30] RX PING
[17:36:30] TX ACK PING
[17:36:34] RX PING
[17:36:34] TX ACK PING
[17:36:37] RX PING
[17:36:37] TX ACK PING
[17:36:40] RX PING
[17:36:40] TX ACK PING
[17:36:43] RX PING
[17:36:43] TX ACK PING
[17:36:46] RX PING
[17:36:46] TX ACK PING
[17:36:50] RX PING
[17:36:50] TX ACK PING
[17:36:53] RX PING
[17:36:53] TX ACK PING
[17:36:56] RX PING
[17:36:56] TX ACK PING
[17:36:59] RX PING
[17:36:59] TX ACK PING
[17:37:02] RX PING
[17:37:02] TX ACK PING
[17:37:06] RX PING
[17:37:06] TX ACK PING
[17:37:09] RX PING
[17:37:09] TX ACK PING
[17:37:12] RX PING
[17:37:12] TX ACK PING
[17:37:15] RX PING
[17:37:15] TX ACK PING
[17:37:18] RX PING
[17:37:18] TX ACK PING
[17:37:22] RX PING
[17:37:22] TX ACK PING
[17:37:25] RX PING
[17:37:25] TX ACK PING
[17:37:28] RX PING
[17:37:28] TX ACK PING
[17:37:31] RX PING
[17:37:31] TX ACK PING
[17:37:34] RX PING
[17:37:34] TX ACK PING
[17:37:38] RX PING
[17:37:38] TX ACK PING
[17:37:41] RX PING
[17:37:41] TX ACK PING
[17:37:44] RX PING
[17:37:44] TX ACK PING
[17:37:47] RX PING
[17:37:47] TX ACK PING
[17:37:50] RX PING
[17:37:50] TX ACK PING
[17:37:54] RX PING
[17:37:54] TX ACK PING
[17:37:57] RX PING
[17:37:57] TX ACK PING
[17:38:00] RX PING
[17:38:00] TX ACK PING
[17:38:03] RX PING
[17:38:03] TX ACK PING
[17:38:06] RX PING
[17:38:06] TX ACK PING
[17:38:10] RX PING
[17:38:10] TX ACK PING
[17:38:13] RX PING
[17:38:13] TX ACK PING
[17:38:16] RX PING
[17:38:16] TX ACK PING
[17:38:19] RX PING
[17:38:19] TX ACK PING
[17:38:22] RX PING
[17:38:22] TX ACK PING
[17:38:26] RX PING
[17:38:26] TX ACK PING
[17:38:29] RX PING
[17:38:29] TX ACK PING
[17:38:32] RX PING
[17:38:32] TX ACK PING
[17:38:35] RX PING
[17:38:35] TX ACK PING
[17:38:38] RX PING
[17:38:38] TX ACK PING
[17:38:42] RX PING
[17:38:42] TX ACK PING
[17:38:45] RX PING
[17:38:45] TX ACK PING
[17:38:48] RX PING
[17:38:48] TX ACK PING
[17:38:51] RX PING
[17:38:51] TX ACK PING
[17:38:54] RX PING
[17:38:54] TX ACK PING
[17:38:58] RX PING
[17:38:58] TX ACK PING
[17:39:01] RX PING
[17:39:01] TX ACK PING
[17:39:04] RX PING
[17:39:04] TX ACK PING
[17:39:07] RX PING
[17:39:07] TX ACK PING
[17:39:10] RX PING
[17:39:10] TX ACK PING
[17:39:14] RX PING
[17:39:14] TX ACK PING
[17:39:17] RX PING
[17:39:17] TX ACK PING
[17:39:20] RX PING
[17:39:20] TX ACK PING
[17:39:23] RX PING
[17:39:23] TX ACK PING
[17:39:26] RX PING
[17:39:26] TX ACK PING
[17:39:30] RX PING
[17:39:30] TX ACK PING
[17:39:33] RX PING
[17:39:33] TX ACK PING
[17:39:36] RX PING
[17:39:36] TX ACK PING
[17:39:39] RX PING
[17:39:39] TX ACK PING
[17:39:42] RX PING
[17:39:42] TX ACK PING
[17:39:46] RX PING
[17:39:46] TX ACK PING
[17:39:49] RX PING
[17:39:49] TX ACK PING
[17:39:52] RX PING
[17:39:52] TX ACK PING
[17:39:55] RX PING
[17:39:55] TX ACK PING
[17:39:58] RX PING
[17:39:58] TX ACK PING
[17:40:02] RX PING
[17:40:02] TX ACK PING
[17:40:05] RX PING
[17:40:05] TX ACK PING
[17:40:08] RX PING
[17:40:08] TX ACK PING
[17:40:11] RX PING
[17:40:11] TX ACK PING
[17:40:14] RX PING
[17:40:14] TX ACK PING
[17:40:18] RX PING
[17:40:18] TX ACK PING
[17:40:21] RX PING
[17:40:21] TX ACK PING
[17:40:24] RX PING
[17:40:24] TX ACK PING
[17:40:27] RX PING
[17:40:27] TX ACK PING
[17:40:30] RX PING
[17:40:30] TX ACK PING
[17:40:34] RX PING
[17:40:34] TX ACK PING
[17:40:37] RX PING
[17:40:37] TX ACK PING
[17:40:40] RX PING
[17:40:40] TX ACK PING
[17:40:43] RX PING
[17:40:43] TX ACK PING
[17:40:46] RX PING
[17:40:46] TX ACK PING
[17:40:50] RX PING
[17:40:50] TX ACK PING
[17:40:53] RX PING
[17:40:53] TX ACK PING
[17:40:56] RX PING
[17:40:56] TX ACK PING
[17:40:59] RX PING
[17:40:59] TX ACK PING
[17:41:02] RX PING
[17:41:02] TX ACK PING
[17:41:06] RX PING
[17:41:06] TX ACK PING
[17:41:09] RX PING
[17:41:09] TX ACK PING
[17:41:12] RX PING
[17:41:12] TX ACK PING
[17:41:15] RX PING
[17:41:15] TX ACK PING
[17:41:18] RX PING
[17:41:18] TX ACK PING
[17:41:22] RX PING
[17:41:22] TX ACK PING
[17:41:25] RX PING
[17:41:25] TX ACK PING
[17:41:28] RX PING
[17:41:28] TX ACK PING
[17:41:31] RX PING
[17:41:31] TX ACK PING
[17:41:34] RX PING
[17:41:34] TX ACK PING
[17:41:38] RX PING
[17:41:38] TX ACK PING
[17:41:41] RX PING
[17:41:41] TX ACK PING
[17:41:44] RX PING
[17:41:44] TX ACK PING
[17:41:47] RX PING
[17:41:47] TX ACK PING
[17:41:50] RX PING
[17:41:50] TX ACK PING
[17:41:54] RX PING
[17:41:54] TX ACK PING
[17:41:57] RX PING
[17:41:57] TX ACK PING
[17:42:00] RX PING
[17:42:00] TX ACK PING
[17:42:03] RX PING
[17:42:03] TX ACK PING
[17:42:06] RX PING
[17:42:06] TX ACK PING
[17:42:10] RX PING
[17:42:10] TX ACK PING
[17:42:13] RX PING
[17:42:13] TX ACK PING
[17:42:16] RX PING
[17:42:16] TX ACK PING
[17:42:19] RX PING
[17:42:19] TX ACK PING
[17:42:22] RX PING
[17:42:22] TX ACK PING
[17:42:26] RX PING
[17:42:26] TX ACK PING
[17:42:29] RX PING
[17:42:29] TX ACK PING
[17:42:32] RX PING
[17:42:32] TX ACK PING
[17:42:35] RX PING
[17:42:35] TX ACK PING
[17:42:38] RX PING
[17:42:38] TX ACK PING
[17:42:42] RX PING
[17:42:42] TX ACK PING
[17:42:45] RX PING
[17:42:45] TX ACK PING
[17:42:48] RX PING
[17:42:48] TX ACK PING
[17:42:51] RX PING
[17:42:51] TX ACK PING
[17:42:54] RX PING
[17:42:54] TX ACK PING
[17:42:58] RX PING
[17:42:58] TX ACK PING
[17:43:01] RX PING
[17:43:01] TX ACK PING
[17:43:04] RX PING
[17:43:04] TX ACK PING
[17:43:07] RX PING
[17:43:07] TX ACK PING
[17:43:10] RX PING
[17:43:10] TX ACK PING
[17:43:14] RX PING
[17:43:14] TX ACK PING
[17:43:17] RX PING
[17:43:17] TX ACK PING
[17:43:20] RX PING
[17:43:20] TX ACK PING
[17:43:23] RX PING
[17:43:23] TX ACK PING
[17:43:26] RX PING
[17:43:26] TX ACK PING
[17:43:30] RX PING
[17:43:30] TX ACK PING
[17:43:33] RX PING
[17:43:33] TX ACK PING
[17:43:36] RX PING
[17:43:36] TX ACK PING
[17:43:39] RX PING
[17:43:39] TX ACK PING
[17:43:42] RX PING
[17:43:42] TX ACK PING
[17:43:46] RX PING
[17:43:46] TX ACK PING
[17:43:49] RX PING
[17:43:49] TX ACK PING
[17:43:52] RX PING
[17:43:52] TX ACK PING
[17:43:55] RX PING
[17:43:55] TX ACK PING
[17:43:58] RX PING
[17:43:58] TX ACK PING
[17:44:02] RX PING
[17:44:02] TX ACK PING
[17:44:05] RX PING
[17:44:05] TX ACK PING
[17:44:08] RX PING
[17:44:08] TX ACK PING
[17:44:11] RX PING
[17:44:11] TX ACK PING
[17:44:14] RX PING
[17:44:14] TX ACK PING
[17:44:18] RX PING
[17:44:18] TX ACK PING
[17:44:21] RX PING
[17:44:21] TX ACK PING
[17:44:24] RX PING
[17:44:24] TX ACK PING
[17:44:27] RX PING
[17:44:27] TX ACK PING
[17:44:31] RX PING
[17:44:31] TX ACK PING
[17:44:34] RX PING
[17:44:34] TX ACK PING
[17:44:37] RX PING
[17:44:37] TX ACK PING
[17:44:40] RX PING
[17:44:40] TX ACK PING
[17:44:43] RX PING
[17:44:43] TX ACK PING
[17:44:47] RX PING
[17:44:47] TX ACK PING
[17:44:50] RX PING
[17:44:50] TX ACK PING
[17:44:53] RX PING
[17:44:53] TX ACK PING
[17:44:56] RX PING
[17:44:56] TX ACK PING
[17:44:59] RX PING
[17:44:59] TX ACK PING
[17:45:03] RX PING
[17:45:03] TX ACK PING
[17:45:06] RX PING
[17:45:06] TX ACK PING
[17:45:09] RX PING
[17:45:09] TX ACK PING
[17:45:12] RX PING
[17:45:12] TX ACK PING
[17:45:15] RX PING
[17:45:15] TX ACK PING
[17:45:19] RX PING
[17:45:19] TX ACK PING
[17:45:22] RX PING
[17:45:22] TX ACK PING
[17:45:25] RX PING
[17:45:25] TX ACK PING
[17:45:28] RX PING
[17:45:28] TX ACK PING
[17:45:31] RX PING
[17:45:31] TX ACK PING
[17:45:35] RX PING
[17:45:35] TX ACK PING
[17:45:38] RX PING
[17:45:38] TX ACK PING
[17:45:41] RX PING
[17:45:41] TX ACK PING
[17:45:44] RX PING
[17:45:44] TX ACK PING
[17:45:47] RX PING
[17:45:47] TX ACK PING
[17:45:51] RX PING
[17:45:51] TX ACK PING
[17:45:54] RX PING
[17:45:54] TX ACK PING
[17:45:57] RX PING
[17:45:57] TX ACK PING
[17:46:00] RX PING
[17:46:00] TX ACK PING
[17:46:03] RX PING
[17:46:03] TX ACK PING
[17:46:07] RX PING
[17:46:07] TX ACK PING
[17:46:10] RX PING
[17:46:10] TX ACK PING
[17:46:13] RX PING
[17:46:13] TX ACK PING
[17:46:16] RX PING
[17:46:16] TX ACK PING
[17:46:19] RX PING
[17:46:19] TX ACK PING
[17:46:23] RX PING
[17:46:23] TX ACK PING
[17:46:26] RX PING
[17:46:26] TX ACK PING
[17:46:29] RX PING
[17:46:29] TX ACK PING
[17:46:32] RX PING
[17:46:32] TX ACK PING
[17:46:35] RX PING
[17:46:35] TX ACK PING
[17:46:39] RX PING
[17:46:39] TX ACK PING
[17:46:42] RX PING
[17:46:42] TX ACK PING
[17:46:45] RX PING
[17:46:45] TX ACK PING
[17:46:48] RX PING
[17:46:48] TX ACK PING
[17:46:51] RX PING
[17:46:51] TX ACK PING
[17:46:55] RX PING
[17:46:55] TX ACK PING
[17:46:58] RX PING
[17:46:58] TX ACK PING
[17:47:01] RX PING
[17:47:01] TX ACK PING
[17:47:04] RX PING
[17:47:04] TX ACK PING
[17:47:07] RX PING
[17:47:07] TX ACK PING
[17:47:11] RX PING
[17:47:11] TX ACK PING
[17:47:14] RX PING
[17:47:14] TX ACK PING
[17:47:17] RX PING
[17:47:17] TX ACK PING
[17:47:20] RX PING
[17:47:20] TX ACK PING
[17:47:23] RX PING
[17:47:23] TX ACK PING
[17:47:27] RX PING
[17:47:27] TX ACK PING
[17:47:30] RX PING
[17:47:30] TX ACK PING
[17:47:33] RX PING
[17:47:33] TX ACK PING
[17:47:36] RX PING
[17:47:36] TX ACK PING
[17:47:39] RX PING
[17:47:39] TX ACK PING
[17:47:43] RX PING
[17:47:43] TX ACK PING
[17:47:46] RX PING
[17:47:46] TX ACK PING
[17:47:49] RX PING
[17:47:49] TX ACK PING
[17:47:52] RX PING
[17:47:52] TX ACK PING
[17:47:55] RX PING
[17:47:55] TX ACK PING
[17:47:59] RX PING
[17:47:59] TX ACK PING
[17:48:02] RX PING
[17:48:02] TX ACK PING
[17:48:05] RX PING
[17:48:05] TX ACK PING
[17:48:08] RX PING
[17:48:08] TX ACK PING
[17:48:11] RX PING
[17:48:11] TX ACK PING
[17:48:15] RX PING
[17:48:15] TX ACK PING
[17:48:18] RX PING
[17:48:18] TX ACK PING
[17:48:21] RX PING
[17:48:21] TX ACK PING
[17:48:24] RX PING
[17:48:24] TX ACK PING
[17:48:27] RX PING
[17:48:27] TX ACK PING
[17:48:31] RX PING
[17:48:31] TX ACK PING
[17:48:34] RX PING
[17:48:34] TX ACK PING
[17:48:37] RX PING
[17:48:37] TX ACK PING
[17:48:40] RX PING
[17:48:40] TX ACK PING
[17:48:43] RX PING
[17:48:43] TX ACK PING
[17:48:47] RX PING
[17:48:47] TX ACK PING
[17:48:50] RX PING
[17:48:50] TX ACK PING
[17:48:53] RX PING
[17:48:53] TX ACK PING
[17:48:56] RX PING
[17:48:56] TX ACK PING
[17:48:59] RX PING
[17:48:59] TX ACK PING
[17:49:03] RX PING
[17:49:03] TX ACK PING
[17:49:06] RX PING
[17:49:06] TX ACK PING
[17:49:09] RX PING
[17:49:09] TX ACK PING
[17:49:12] RX PING
[17:49:12] TX ACK PING
[17:49:15] RX PING
[17:49:15] TX ACK PING
[17:49:19] RX PING
[17:49:19] TX ACK PING
[17:49:22] RX PING
[17:49:22] TX ACK PING
[17:49:25] RX PING
[17:49:25] TX ACK PING
[17:49:28] RX PING
[17:49:28] TX ACK PING
[17:49:31] RX PING
[17:49:31] TX ACK PING
[17:49:35] RX PING
[17:49:35] TX ACK PING
[17:49:38] RX PING
[17:49:38] TX ACK PING
[17:49:41] RX PING
[17:49:41] TX ACK PING
[17:49:44] RX PING
[17:49:44] TX ACK PING
[17:49:47] RX PING
[17:49:47] TX ACK PING
[17:49:51] RX PING
[17:49:51] TX ACK PING
[17:49:54] RX PING
[17:49:54] TX ACK PING
[17:49:57] RX PING
[17:49:57] TX ACK PING
[17:50:00] RX PING
[17:50:00] TX ACK PING
[17:50:03] RX PING
[17:50:03] TX ACK PING
[17:50:07] RX PING
[17:50:07] TX ACK PING
[17:50:10] RX PING
[17:50:10] TX ACK PING
[17:50:13] RX PING
[17:50:13] TX ACK PING
[17:50:16] RX PING
[17:50:16] TX ACK PING
[17:50:19] RX PING
[17:50:19] TX ACK PING
[17:50:23] RX PING
[17:50:23] TX ACK PING
[17:50:26] RX PING
[17:50:26] TX ACK PING
[17:50:29] RX PING
[17:50:29] TX ACK PING
[17:50:32] RX PING
[17:50:32] TX ACK PING
[17:50:35] RX PING
[17:50:35] TX ACK PING
[17:50:39] RX PING
[17:50:39] TX ACK PING
[17:50:42] RX PING
[17:50:42] TX ACK PING
[17:50:45] RX PING
[17:50:45] TX ACK PING
[17:50:48] RX PING
[17:50:48] TX ACK PING
[17:50:51] RX PING
[17:50:51] TX ACK PING
[17:50:55] RX PING
[17:50:55] TX ACK PING
[17:50:58] RX PING
[17:50:58] TX ACK PING
[17:51:01] RX PING
[17:51:01] TX ACK PING
[17:51:04] RX PING
[17:51:04] TX ACK PING
[17:51:07] RX PING
[17:51:07] TX ACK PING
[17:51:11] RX PING
[17:51:11] TX ACK PING
[17:51:14] RX PING
[17:51:14] TX ACK PING
[17:51:17] RX PING
[17:51:17] TX ACK PING
[17:51:20] RX PING
[17:51:20] TX ACK PING
[17:51:23] RX PING
[17:51:23] TX ACK PING
[17:51:27] RX PING
[17:51:27] TX ACK PING
[17:51:30] RX PING
[17:51:30] TX ACK PING
[17:51:33] RX PING
[17:51:33] TX ACK PING
[17:51:36] RX PING
[17:51:36] TX ACK PING
[17:51:39] RX PING
[17:51:39] TX ACK PING
[17:51:43] RX PING
[17:51:43] TX ACK PING
[17:51:46] RX PING
[17:51:46] TX ACK PING
[17:51:49] RX PING
[17:51:49] TX ACK PING
[17:51:52] RX PING
[17:51:52] TX ACK PING
[17:51:55] RX PING
[17:51:55] TX ACK PING
[17:51:59] RX PING
[17:51:59] TX ACK PING
[17:52:02] RX PING
[17:52:02] TX ACK PING
[17:52:05] RX PING
[17:52:05] TX ACK PING
[17:52:08] RX PING
[17:52:08] TX ACK PING
[17:52:11] RX PING
[17:52:11] TX ACK PING
[17:52:15] RX PING
[17:52:15] TX ACK PING
[17:52:18] RX PING
[17:52:18] TX ACK PING
[17:52:21] RX PING
[17:52:21] TX ACK PING
[17:52:24] RX PING
[17:52:24] TX ACK PING
[17:52:27] RX PING
[17:52:27] TX ACK PING
[17:52:31] RX PING
[17:52:31] TX ACK PING
[17:52:34] RX PING
[17:52:34] TX ACK PING
[17:52:37] RX PING
[17:52:37] TX ACK PING
[17:52:40] RX PING
[17:52:40] TX ACK PING
[17:52:43] RX PING
[17:52:43] TX ACK PING
[17:52:47] RX PING
[17:52:47] TX ACK PING
[17:52:50] RX PING
[17:52:50] TX ACK PING
[17:52:53] RX PING
[17:52:53] TX ACK PING
[17:52:56] RX PING
[17:52:56] TX ACK PING
[17:52:59] RX PING
[17:52:59] TX ACK PING
[17:53:03] RX PING
[17:53:03] TX ACK PING
[17:53:06] RX PING
[17:53:06] TX ACK PING
[17:53:09] RX PING
[17:53:09] TX ACK PING
[17:53:12] RX PING
[17:53:12] TX ACK PING
[17:53:15] RX PING
[17:53:15] TX ACK PING
[17:53:19] RX PING
[17:53:19] TX ACK PING
[17:53:22] RX PING
[17:53:22] TX ACK PING
[17:53:25] RX PING
[17:53:25] TX ACK PING
[17:53:28] RX PING
[17:53:28] TX ACK PING
[17:53:31] RX PING
[17:53:31] TX ACK PING
[17:53:35] RX PING
[17:53:35] TX ACK PING
[17:53:38] RX PING
[17:53:38] TX ACK PING
[17:53:41] RX PING
[17:53:41] TX ACK PING
[17:53:44] RX PING
[17:53:44] TX ACK PING
[17:53:47] RX PING
[17:53:47] TX ACK PING
[17:53:51] RX PING
[17:53:51] TX ACK PING
[17:53:54] RX PING
[17:53:54] TX ACK PING
[17:53:57] RX PING
[17:53:57] TX ACK PING
[17:54:00] RX PING
[17:54:00] TX ACK PING
[17:54:03] RX PING
[17:54:03] TX ACK PING
[17:54:07] RX PING
[17:54:07] TX ACK PING
[17:54:10] RX PING
[17:54:10] TX ACK PING
[17:54:13] RX PING
[17:54:13] TX ACK PING
[17:54:16] RX PING
[17:54:16] TX ACK PING
[17:54:19] RX PING
[17:54:19] TX ACK PING
[17:54:23] RX PING
[17:54:23] TX ACK PING
[17:54:26] RX PING
[17:54:26] TX ACK PING
[17:54:29] RX PING
[17:54:29] TX ACK PING
[17:54:32] RX PING
[17:54:32] TX ACK PING
[17:54:35] RX PING
[17:54:35] TX ACK PING
[17:54:39] RX PING
[17:54:39] TX ACK PING
[17:54:42] RX PING
[17:54:42] TX ACK PING
[17:54:45] RX PING
[17:54:45] TX ACK PING
[17:54:48] RX PING
[17:54:48] TX ACK PING
[17:54:51] RX PING
[17:54:51] TX ACK PING
[17:54:55] RX PING
[17:54:55] TX ACK PING
[17:54:58] RX PING
[17:54:58] TX ACK PING
[17:55:01] RX PING
[17:55:01] TX ACK PING
[17:55:04] RX PING
[17:55:04] TX ACK PING
[17:55:08] RX PING
[17:55:08] TX ACK PING
[17:55:11] RX PING
[17:55:11] TX ACK PING
[17:55:14] RX PING
[17:55:14] TX ACK PING
[17:55:17] RX PING
[17:55:17] TX ACK PING
[17:55:20] RX PING
[17:55:20] TX ACK PING
[17:55:24] RX PING
[17:55:24] TX ACK PING
[17:55:27] RX PING
[17:55:27] TX ACK PING
[17:55:30] RX PING
[17:55:30] TX ACK PING
[17:55:33] RX PING
[17:55:33] TX ACK PING
[17:55:36] RX PING
[17:55:36] TX ACK PING
[17:55:40] RX PING
[17:55:40] TX ACK PING
[17:55:43] RX PING
[17:55:43] TX ACK PING
[17:55:46] RX PING
[17:55:46] TX ACK PING
[17:55:49] RX PING
[17:55:49] TX ACK PING
[17:55:52] RX PING
[17:55:52] TX ACK PING
[17:55:56] RX PING
[17:55:56] TX ACK PING
[17:55:59] RX PING
[17:55:59] TX ACK PING
[17:56:02] RX PING
[17:56:02] TX ACK PING
[17:56:05] RX PING
[17:56:05] TX ACK PING
[17:56:08] RX PING
[17:56:08] TX ACK PING
[17:56:12] RX PING
[17:56:12] TX ACK PING
[17:56:15] RX PING
[17:56:15] TX ACK PING
[17:56:18] RX PING
[17:56:18] TX ACK PING
[17:56:21] RX PING
[17:56:21] TX ACK PING
[17:56:24] RX PING
[17:56:24] TX ACK PING
[17:56:28] RX PING
[17:56:28] TX ACK PING
[17:56:31] RX PING
[17:56:31] TX ACK PING
[17:56:34] RX PING
[17:56:34] TX ACK PING
[17:56:37] RX PING
[17:56:37] TX ACK PING
[17:56:40] RX PING
[17:56:40] TX ACK PING
[17:56:44] RX PING
[17:56:44] TX ACK PING
[17:56:47] RX PING
[17:56:47] TX ACK PING
[17:56:50] RX PING
[17:56:50] TX ACK PING
[17:56:53] RX PING
[17:56:53] TX ACK PING
[17:56:56] RX PING
[17:56:56] TX ACK PING
[17:57:00] RX PING
[17:57:00] TX ACK PING
[17:57:03] RX PING
[17:57:03] TX ACK PING
[17:57:06] RX PING
[17:57:06] TX ACK PING
[17:57:09] RX PING
[17:57:09] TX ACK PING
[17:57:12] RX PING
[17:57:12] TX ACK PING
[17:57:16] RX PING
[17:57:16] TX ACK PING
[17:57:19] RX PING
[17:57:19] TX ACK PING
[17:57:22] RX PING
[17:57:22] TX ACK PING
[17:57:25] RX PING
[17:57:25] TX ACK PING
[17:57:28] RX PING
[17:57:28] TX ACK PING
[17:57:32] RX PING
[17:57:32] TX ACK PING
[17:57:35] RX PING
[17:57:35] TX ACK PING
[17:57:38] RX PING
[17:57:38] TX ACK PING
[17:57:41] RX PING
[17:57:41] TX ACK PING
[17:57:44] RX PING
[17:57:44] TX ACK PING
[17:57:48] RX PING
[17:57:48] TX ACK PING
[17:57:51] RX PING
[17:57:51] TX ACK PING
[17:57:54] RX PING
[17:57:54] TX ACK PING
[17:57:57] RX PING
[17:57:57] TX ACK PING
[17:58:00] RX PING
[17:58:00] TX ACK PING
[17:58:04] RX PING
[17:58:04] TX ACK PING
[17:58:07] RX PING
[17:58:07] TX ACK PING
[17:58:10] RX PING
[17:58:10] TX ACK PING
[17:58:13] RX PING
[17:58:13] TX ACK PING
[17:58:16] RX PING
[17:58:16] TX ACK PING
[17:58:20] RX PING
[17:58:20] TX ACK PING
[17:58:23] RX PING
[17:58:23] TX ACK PING
[17:58:26] RX PING
[17:58:26] TX ACK PING
[17:58:29] RX PING
[17:58:29] TX ACK PING
[17:58:32] RX PING
[17:58:32] TX ACK PING
[17:58:36] RX PING
[17:58:36] TX ACK PING
[17:58:39] RX PING
[17:58:39] TX ACK PING
[17:58:42] RX PING
[17:58:42] TX ACK PING
[17:58:45] RX PING
[17:58:45] TX ACK PING
[17:58:48] RX PING
[17:58:48] TX ACK PING
[17:58:52] RX PING
[17:58:52] TX ACK PING
[17:58:55] RX PING
[17:58:55] TX ACK PING
[17:58:58] RX PING
[17:58:58] TX ACK PING
[17:59:01] RX PING
[17:59:01] TX ACK PING
[17:59:04] RX PING
[17:59:04] TX ACK PING
[17:59:08] RX PING
[17:59:08] TX ACK PING
[17:59:11] RX PING
[17:59:11] TX ACK PING
[17:59:14] RX PING
[17:59:14] TX ACK PING
[17:59:17] RX PING
[17:59:17] TX ACK PING
[17:59:20] RX PING
[17:59:20] TX ACK PING
[17:59:24] RX PING
[17:59:24] TX ACK PING
[17:59:27] RX PING
[17:59:27] TX ACK PING
[17:59:30] RX PING
[17:59:30] TX ACK PING
[17:59:33] RX PING
[17:59:33] TX ACK PING
[17:59:36] RX PING
[17:59:36] TX ACK PING
[17:59:40] RX PING
[17:59:40] TX ACK PING
[17:59:43] RX PING
[17:59:43] TX ACK PING
[17:59:46] RX PING
[17:59:46] TX ACK PING
[17:59:49] RX PING
[17:59:49] TX ACK PING
[17:59:52] RX PING
[17:59:52] TX ACK PING
[17:59:56] RX PING
[17:59:56] TX ACK PING
[17:59:59] RX PING
[17:59:59] TX ACK PING
[18:00:02] RX PING
[18:00:02] TX ACK PING
[18:00:05] RX PING
[18:00:05] TX ACK PING
[18:00:08] RX PING
[18:00:08] TX ACK PING
[18:00:12] RX PING
[18:00:12] TX ACK PING
[18:00:15] RX PING
[18:00:15] TX ACK PING
[18:00:18] RX PING
[18:00:18] TX ACK PING
[18:00:21] RX PING
[18:00:21] TX ACK PING
[18:00:24] RX PING
[18:00:24] TX ACK PING
[18:00:28] RX PING
[18:00:28] TX ACK PING
[18:00:31] RX PING
[18:00:31] TX ACK PING
[18:00:34] RX PING
[18:00:34] TX ACK PING
[18:00:37] RX PING
[18:00:37] TX ACK PING
[18:00:40] RX PING
[18:00:40] TX ACK PING
[18:00:44] RX PING
[18:00:44] TX ACK PING
[18:00:47] RX PING
[18:00:47] TX ACK PING
[18:00:50] RX PING
[18:00:50] TX ACK PING
[18:00:53] RX PING
[18:00:53] TX ACK PING
[18:00:56] RX PING
[18:00:56] TX ACK PING
[18:01:00] RX PING
[18:01:00] TX ACK PING
[18:01:03] RX PING
[18:01:03] TX ACK PING
[18:01:06] RX PING
[18:01:06] TX ACK PING
[18:01:09] RX PING
[18:01:09] TX ACK PING
[18:01:12] RX PING
[18:01:12] TX ACK PING
[18:01:16] RX PING
[18:01:16] TX ACK PING
[18:01:19] RX PING
[18:01:19] TX ACK PING
[18:01:22] RX PING
[18:01:22] TX ACK PING
[18:01:25] RX PING
[18:01:25] TX ACK PING
[18:01:28] RX PING
[18:01:28] TX ACK PING
[18:01:32] RX PING
[18:01:32] TX ACK PING
[18:01:35] RX PING
[18:01:35] TX ACK PING
[18:01:38] RX PING
[18:01:38] TX ACK PING
[18:01:41] RX PING
[18:01:41] TX ACK PING
[18:01:44] RX PING
[18:01:44] TX ACK PING
[18:01:48] RX PING
[18:01:48] TX ACK PING
[18:01:51] RX PING
[18:01:51] TX ACK PING
[18:01:54] RX PING
[18:01:54] TX ACK PING
[18:01:57] RX PING
[18:01:57] TX ACK PING
[18:02:00] RX PING
[18:02:00] TX ACK PING
[18:02:04] RX PING
[18:02:04] TX ACK PING
[18:02:07] RX PING
[18:02:07] TX ACK PING
[18:02:10] RX PING
[18:02:10] TX ACK PING
[18:02:13] RX PING
[18:02:13] TX ACK PING
[18:02:16] RX PING
[18:02:16] TX ACK PING
[18:02:20] RX PING
[18:02:20] TX ACK PING
[18:02:23] RX PING
[18:02:23] TX ACK PING
[18:02:26] RX PING
[18:02:26] TX ACK PING
[18:02:29] RX PING
[18:02:29] TX ACK PING
[18:02:32] RX PING
[18:02:32] TX ACK PING
[18:02:36] RX PING
[18:02:36] TX ACK PING
[18:02:39] RX PING
[18:02:39] TX ACK PING
[18:02:42] RX PING
[18:02:42] TX ACK PING
[18:02:45] RX PING
[18:02:45] TX ACK PING
[18:02:48] RX PING
[18:02:48] TX ACK PING
[18:02:52] RX PING
[18:02:52] TX ACK PING
[18:02:55] RX PING
[18:02:55] TX ACK PING
[18:02:58] RX PING
[18:02:58] TX ACK PING
[18:03:01] RX PING
[18:03:01] TX ACK PING
[18:03:04] RX PING
[18:03:04] TX ACK PING
[18:03:08] RX PING
[18:03:08] TX ACK PING
[18:03:11] RX PING
[18:03:11] TX ACK PING
[18:03:14] RX PING
[18:03:14] TX ACK PING
[18:03:17] RX PING
[18:03:17] TX ACK PING
[18:03:20] RX PING
[18:03:20] TX ACK PING
[18:03:24] RX PING
[18:03:24] TX ACK PING
[18:03:27] RX PING
[18:03:27] TX ACK PING
[18:03:30] RX PING
[18:03:30] TX ACK PING
[18:03:33] RX PING
[18:03:33] TX ACK PING
[18:03:36] RX PING
[18:03:36] TX ACK PING
[18:03:40] RX PING
[18:03:40] TX ACK PING
[18:03:43] RX PING
[18:03:43] TX ACK PING
[18:03:46] RX PING
[18:03:46] TX ACK PING
[18:03:49] RX PING
[18:03:49] TX ACK PING
[18:03:52] RX PING
[18:03:52] TX ACK PING
[18:03:56] RX PING
[18:03:56] TX ACK PING
[18:03:59] RX PING
[18:03:59] TX ACK PING
[18:04:02] RX PING
[18:04:02] TX ACK PING
[18:04:05] RX PING
[18:04:05] TX ACK PING
[18:04:08] RX PING
[18:04:08] TX ACK PING
[18:04:12] RX PING
[18:04:12] TX ACK PING
[18:04:15] RX PING
[18:04:15] TX ACK PING
[18:04:18] RX PING
[18:04:18] TX ACK PING
[18:04:21] RX PING
[18:04:21] TX ACK PING
[18:04:24] RX PING
[18:04:24] TX ACK PING
[18:04:28] RX PING
[18:04:28] TX ACK PING
[18:04:31] RX PING
[18:04:31] TX ACK PING
[18:04:34] RX PING
[18:04:34] TX ACK PING
[18:04:37] RX PING
[18:04:37] TX ACK PING
[18:04:40] RX PING
[18:04:40] TX ACK PING
[18:04:44] RX PING
[18:04:44] TX ACK PING
[18:04:47] RX PING
[18:04:47] TX ACK PING
[18:04:50] RX PING
[18:04:50] TX ACK PING
[18:04:53] RX PING
[18:04:53] TX ACK PING
[18:04:56] RX PING
[18:04:56] TX ACK PING
[18:05:00] RX PING
[18:05:00] TX ACK PING
[18:05:03] RX PING
[18:05:03] TX ACK PING
[18:05:06] RX PING
[18:05:06] TX ACK PING
[18:05:09] RX PING
[18:05:09] TX ACK PING
[18:05:12] RX PING
[18:05:12] TX ACK PING
[18:05:16] RX PING
[18:05:16] TX ACK PING
[18:05:19] RX PING
[18:05:19] TX ACK PING
[18:05:22] RX PING
[18:05:22] TX ACK PING
[18:05:25] RX PING
[18:05:25] TX ACK PING
[18:05:28] RX PING
[18:05:28] TX ACK PING
[18:05:32] RX PING
[18:05:32] TX ACK PING
[18:05:35] RX PING
[18:05:35] TX ACK PING
[18:05:38] RX PING
[18:05:38] TX ACK PING
[18:05:41] RX PING
[18:05:41] TX ACK PING
[18:05:44] RX PING
[18:05:44] TX ACK PING
[18:05:48] RX PING
[18:05:48] TX ACK PING
[18:05:51] RX PING
[18:05:51] TX ACK PING
[18:05:54] RX PING
[18:05:54] TX ACK PING
[18:05:57] RX PING
[18:05:57] TX ACK PING
[18:06:01] RX PING
[18:06:01] TX ACK PING
[18:06:04] RX PING
[18:06:04] TX ACK PING
[18:06:07] RX PING
[18:06:07] TX ACK PING
[18:06:10] RX PING
[18:06:10] TX ACK PING
[18:06:13] RX PING
[18:06:13] TX ACK PING
[18:06:17] RX PING
[18:06:17] TX ACK PING
[18:06:20] RX PING
[18:06:20] TX ACK PING
[18:06:23] RX PING
[18:06:23] TX ACK PING
[18:06:26] RX PING
[18:06:26] TX ACK PING
[18:06:29] RX PING
[18:06:29] TX ACK PING
[18:06:33] RX PING
[18:06:33] TX ACK PING
[18:06:36] RX PING
[18:06:36] TX ACK PING
[18:06:39] RX PING
[18:06:39] TX ACK PING
[18:06:42] RX PING
[18:06:42] TX ACK PING
[18:06:45] RX PING
[18:06:45] TX ACK PING
[18:06:49] RX PING
[18:06:49] TX ACK PING
[18:06:52] RX PING
[18:06:52] TX ACK PING
[18:06:55] RX PING
[18:06:55] TX ACK PING
[18:06:58] RX PING
[18:06:58] TX ACK PING
[18:07:01] RX PING
[18:07:01] TX ACK PING
[18:07:05] RX PING
[18:07:05] TX ACK PING
[18:07:08] RX PING
[18:07:08] TX ACK PING
[18:07:11] RX PING
[18:07:11] TX ACK PING
[18:07:14] RX PING
[18:07:14] TX ACK PING
[18:07:17] RX PING
[18:07:17] TX ACK PING
[18:07:21] RX PING
[18:07:21] TX ACK PING
[18:07:24] RX PING
[18:07:24] TX ACK PING
[18:07:27] RX PING
[18:07:27] TX ACK PING
[18:07:30] RX PING
[18:07:30] TX ACK PING
[18:07:33] RX PING
[18:07:33] TX ACK PING
[18:07:37] RX PING
[18:07:37] TX ACK PING
[18:07:40] RX PING
[18:07:40] TX ACK PING
[18:07:43] RX PING
[18:07:43] TX ACK PING
[18:07:46] RX PING
[18:07:46] TX ACK PING
[18:07:49] RX PING
[18:07:49] TX ACK PING
[18:07:53] RX PING
[18:07:53] TX ACK PING
[18:07:56] RX PING
[18:07:56] TX ACK PING
[18:07:59] RX PING
[18:07:59] TX ACK PING
[18:08:02] RX PING
[18:08:02] TX ACK PING
[18:08:05] RX PING
[18:08:05] TX ACK PING
[18:08:09] RX PING
[18:08:09] TX ACK PING
[18:08:12] RX PING
[18:08:12] TX ACK PING
[18:08:15] RX PING
[18:08:15] TX ACK PING
[18:08:18] RX PING
[18:08:18] TX ACK PING
[18:08:21] RX PING
[18:08:21] TX ACK PING
[18:08:25] RX PING
[18:08:25] TX ACK PING
[18:08:28] RX PING
[18:08:28] TX ACK PING
[18:08:31] RX PING
[18:08:31] TX ACK PING
[18:08:34] RX PING
[18:08:34] TX ACK PING
[18:08:37] RX PING
[18:08:37] TX ACK PING
[18:08:41] RX PING
[18:08:41] TX ACK PING
[18:08:44] RX PING
[18:08:44] TX ACK PING
[18:08:47] RX PING
[18:08:47] TX ACK PING
[18:08:50] RX PING
[18:08:50] TX ACK PING
[18:08:53] RX PING
[18:08:53] TX ACK PING
[18:08:57] RX PING
[18:08:57] TX ACK PING
[18:09:00] RX PING
[18:09:00] TX ACK PING
[18:09:03] RX PING
[18:09:03] TX ACK PING
[18:09:06] RX PING
[18:09:06] TX ACK PING
[18:09:09] RX PING
[18:09:09] TX ACK PING
[18:09:13] RX PING
[18:09:13] TX ACK PING
[18:09:16] RX PING
[18:09:16] TX ACK PING
[18:09:19] RX PING
[18:09:19] TX ACK PING
[18:09:22] RX PING
[18:09:22] TX ACK PING
[18:09:25] RX PING
[18:09:25] TX ACK PING
[18:09:29] RX PING
[18:09:29] TX ACK PING
[18:09:32] RX PING
[18:09:32] TX ACK PING
[18:09:35] RX PING
[18:09:35] TX ACK PING
[18:09:38] RX PING
[18:09:38] TX ACK PING
[18:09:41] RX PING
[18:09:41] TX ACK PING
[18:09:45] RX PING
[18:09:45] TX ACK PING
[18:09:48] RX PING
[18:09:48] TX ACK PING
[18:09:51] RX PING
[18:09:51] TX ACK PING
[18:09:54] RX PING
[18:09:54] TX ACK PING
[18:09:57] RX PING
[18:09:57] TX ACK PING
[18:10:01] RX PING
[18:10:01] TX ACK PING
[18:10:04] RX PING
[18:10:04] TX ACK PING
[18:10:07] RX PING
[18:10:07] TX ACK PING
[18:10:10] RX PING
[18:10:10] TX ACK PING
[18:10:13] RX PING
[18:10:13] TX ACK PING
[18:10:17] RX PING
[18:10:17] TX ACK PING
[18:10:20] RX PING
[18:10:20] TX ACK PING
[18:10:23] RX PING
[18:10:23] TX ACK PING
[18:10:26] RX PING
[18:10:26] TX ACK PING
[18:10:29] RX PING
[18:10:29] TX ACK PING
[18:10:33] RX PING
[18:10:33] TX ACK PING
[18:10:36] RX PING
[18:10:36] TX ACK PING
[18:10:39] RX PING
[18:10:39] TX ACK PING
[18:10:42] RX PING
[18:10:42] TX ACK PING
[18:10:45] RX PING
[18:10:45] TX ACK PING
[18:10:49] RX PING
[18:10:49] TX ACK PING
[18:10:52] RX PING
[18:10:52] TX ACK PING
[18:10:55] RX PING
[18:10:55] TX ACK PING
[18:10:58] RX PING
[18:10:58] TX ACK PING
[18:11:01] RX PING
[18:11:01] TX ACK PING
[18:11:05] RX PING
[18:11:05] TX ACK PING
[18:11:08] RX PING
[18:11:08] TX ACK PING
[18:11:11] RX PING
[18:11:11] TX ACK PING
[18:11:14] RX PING
[18:11:14] TX ACK PING
[18:11:17] RX PING
[18:11:17] TX ACK PING
[18:11:21] RX PING
[18:11:21] TX ACK PING
[18:11:24] RX PING
[18:11:24] TX ACK PING
[18:11:27] RX PING
[18:11:27] TX ACK PING
[18:11:30] RX PING
[18:11:30] TX ACK PING
[18:11:33] RX PING
[18:11:33] TX ACK PING
[18:11:37] RX PING
[18:11:37] TX ACK PING
[18:11:40] RX PING
[18:11:40] TX ACK PING
[18:11:43] RX PING
[18:11:43] TX ACK PING
[18:11:46] RX PING
[18:11:46] TX ACK PING
[18:11:49] RX PING
[18:11:49] TX ACK PING
[18:11:53] RX PING
[18:11:53] TX ACK PING
[18:11:56] RX PING
[18:11:56] TX ACK PING
[18:11:59] RX PING
[18:11:59] TX ACK PING
[18:12:02] RX PING
[18:12:02] TX ACK PING
[18:12:05] RX PING
[18:12:05] TX ACK PING
[18:12:09] RX PING
[18:12:09] TX ACK PING
[18:12:12] RX PING
[18:12:12] TX ACK PING
[18:12:15] RX PING
[18:12:15] TX ACK PING
[18:12:18] RX PING
[18:12:18] TX ACK PING
[18:12:21] RX PING
[18:12:21] TX ACK PING
[18:12:25] RX PING
[18:12:25] TX ACK PING
[18:12:28] RX PING
[18:12:28] TX ACK PING
[18:12:31] RX PING
[18:12:31] TX ACK PING
[18:12:34] RX PING
[18:12:34] TX ACK PING
[18:12:37] RX PING
[18:12:37] TX ACK PING
[18:12:41] RX PING
[18:12:41] TX ACK PING
[18:12:44] RX PING
[18:12:44] TX ACK PING
[18:12:47] RX PING
[18:12:47] TX ACK PING
[18:12:50] RX PING
[18:12:50] TX ACK PING
[18:12:53] RX PING
[18:12:53] TX ACK PING
[18:12:57] RX PING
[18:12:57] TX ACK PING
[18:13:00] RX PING
[18:13:00] TX ACK PING
[18:13:03] RX PING
[18:13:03] TX ACK PING
[18:13:06] RX PING
[18:13:06] TX ACK PING
[18:13:09] RX PING
[18:13:09] TX ACK PING
[18:13:13] RX PING
[18:13:13] TX ACK PING
[18:13:16] RX PING
[18:13:16] TX ACK PING
[18:13:19] RX PING
[18:13:19] TX ACK PING
[18:13:22] RX PING
[18:13:22] TX ACK PING
[18:13:25] RX PING
[18:13:25] TX ACK PING
[18:13:29] RX PING
[18:13:29] TX ACK PING
[18:13:32] RX PING
[18:13:32] TX ACK PING
[18:13:35] RX PING
[18:13:35] TX ACK PING
[18:13:38] RX PING
[18:13:38] TX ACK PING
[18:13:41] RX PING
[18:13:41] TX ACK PING
[18:13:45] RX PING
[18:13:45] TX ACK PING
[18:13:48] RX PING
[18:13:48] TX ACK PING
[18:13:51] RX PING
[18:13:51] TX ACK PING
[18:13:54] RX PING
[18:13:54] TX ACK PING
[18:13:57] RX PING
[18:13:57] TX ACK PING
[18:14:01] RX PING
[18:14:01] TX ACK PING
[18:14:04] RX PING
[18:14:04] TX ACK PING
[18:14:07] RX PING
[18:14:07] TX ACK PING
[18:14:10] RX PING
[18:14:10] TX ACK PING
[18:14:13] RX PING
[18:14:13] TX ACK PING
[18:14:17] RX PING
[18:14:17] TX ACK PING
[18:14:20] RX PING
[18:14:20] TX ACK PING
[18:14:23] RX PING
[18:14:23] TX ACK PING
[18:14:26] RX PING
[18:14:26] TX ACK PING
[18:14:29] RX PING
[18:14:29] TX ACK PING
[18:14:33] RX PING
[18:14:33] TX ACK PING
[18:14:36] RX PING
[18:14:36] TX ACK PING
[18:14:39] RX PING
[18:14:39] TX ACK PING
[18:14:42] RX PING
[18:14:42] TX ACK PING
[18:14:45] RX PING
[18:14:45] TX ACK PING
[18:14:49] RX PING
[18:14:49] TX ACK PING
[18:14:52] RX PING
[18:14:52] TX ACK PING
[18:14:55] RX PING
[18:14:55] TX ACK PING
[18:14:58] RX PING
[18:14:58] TX ACK PING
[18:15:01] RX PING
[18:15:01] TX ACK PING
[18:15:05] RX PING
[18:15:05] TX ACK PING
[18:15:08] RX PING
[18:15:08] TX ACK PING
[18:15:11] RX PING
[18:15:11] TX ACK PING
[18:15:14] RX PING
[18:15:14] TX ACK PING
[18:15:17] RX PING
[18:15:17] TX ACK PING
[18:15:21] RX PING
[18:15:21] TX ACK PING
[18:15:24] RX PING
[18:15:24] TX ACK PING
[18:15:27] RX PING
[18:15:27] TX ACK PING
[18:15:30] RX PING
[18:15:30] TX ACK PING
[18:15:33] RX PING
[18:15:33] TX ACK PING
[18:15:37] RX PING
[18:15:37] TX ACK PING
[18:15:40] RX PING
[18:15:40] TX ACK PING
[18:15:43] RX PING
[18:15:43] TX ACK PING
[18:15:46] RX PING
[18:15:46] TX ACK PING
[18:15:49] RX PING
[18:15:49] TX ACK PING
[18:15:53] RX PING
[18:15:53] TX ACK PING
[18:15:56] RX PING
[18:15:56] TX ACK PING
[18:15:59] RX PING
[18:15:59] TX ACK PING
[18:16:02] RX PING
[18:16:02] TX ACK PING
[18:16:05] RX PING
[18:16:05] TX ACK PING
[18:16:09] RX PING
[18:16:09] TX ACK PING
[18:16:12] RX PING
[18:16:12] TX ACK PING
[18:16:15] RX PING
[18:16:15] TX ACK PING
[18:16:18] RX PING
[18:16:18] TX ACK PING
[18:16:21] RX PING
[18:16:21] TX ACK PING
[18:16:25] RX PING
[18:16:25] TX ACK PING
[18:16:28] RX PING
[18:16:28] TX ACK PING
[18:16:31] RX PING
[18:16:31] TX ACK PING
[18:16:34] RX PING
[18:16:34] TX ACK PING
[18:16:37] RX PING
[18:16:37] TX ACK PING
[18:16:41] RX PING
[18:16:41] TX ACK PING
[18:16:44] RX PING
[18:16:44] TX ACK PING
[18:16:47] RX PING
[18:16:47] TX ACK PING
[18:16:50] RX PING
[18:16:50] TX ACK PING
[18:16:53] RX PING
[18:16:53] TX ACK PING
[18:16:57] RX PING
[18:16:57] TX ACK PING
[18:17:00] RX PING
[18:17:00] TX ACK PING
[18:17:03] RX PING
[18:17:03] TX ACK PING
[18:17:06] RX PING
[18:17:06] TX ACK PING
[18:17:10] RX PING
[18:17:10] TX ACK PING
[18:17:13] RX PING
[18:17:13] TX ACK PING
[18:17:16] RX PING
[18:17:16] TX ACK PING
[18:17:19] RX PING
[18:17:19] TX ACK PING
[18:17:22] RX PING
[18:17:22] TX ACK PING
[18:17:26] RX PING
[18:17:26] TX ACK PING
[18:17:29] RX PING
[18:17:29] TX ACK PING
[18:17:32] RX PING
[18:17:32] TX ACK PING
[18:17:35] RX PING
[18:17:35] TX ACK PING
[18:17:38] RX PING
[18:17:38] TX ACK PING
[18:17:42] RX PING
[18:17:42] TX ACK PING
[18:17:45] RX PING
[18:17:45] TX ACK PING
[18:17:48] RX PING
[18:17:48] TX ACK PING
[18:17:51] RX PING
[18:17:51] TX ACK PING
[18:17:54] RX PING
[18:17:54] TX ACK PING
[18:17:58] RX PING
[18:17:58] TX ACK PING
[18:18:01] RX PING
[18:18:01] TX ACK PING
[18:18:04] RX PING
[18:18:04] TX ACK PING
[18:18:07] RX PING
[18:18:07] TX ACK PING
[18:18:10] RX PING
[18:18:10] TX ACK PING
[18:18:14] RX PING
[18:18:14] TX ACK PING
[18:18:17] RX PING
[18:18:17] TX ACK PING
[18:18:20] RX PING
[18:18:20] TX ACK PING
[18:18:23] RX PING
[18:18:23] TX ACK PING
[18:18:26] RX PING
[18:18:26] TX ACK PING
[18:18:30] RX PING
[18:18:30] TX ACK PING
[18:18:33] RX PING
[18:18:33] TX ACK PING
[18:18:36] RX PING
[18:18:36] TX ACK PING
[18:18:39] RX PING
[18:18:39] TX ACK PING
[18:18:42] RX PING
[18:18:42] TX ACK PING
[18:18:46] RX PING
[18:18:46] TX ACK PING
[18:18:49] RX PING
[18:18:49] TX ACK PING
[18:18:52] RX PING
[18:18:52] TX ACK PING
[18:18:55] RX PING
[18:18:55] TX ACK PING
[18:18:58] RX PING
[18:18:58] TX ACK PING
[18:19:02] RX PING
[18:19:02] TX ACK PING
[18:19:05] RX PING
[18:19:05] TX ACK PING
[18:19:08] RX PING
[18:19:08] TX ACK PING
[18:19:11] RX PING
[18:19:11] TX ACK PING
[18:19:14] RX PING
[18:19:14] TX ACK PING
[18:19:18] RX PING
[18:19:18] TX ACK PING
[18:19:21] RX PING
[18:19:21] TX ACK PING
[18:19:24] RX PING
[18:19:24] TX ACK PING
[18:19:27] RX PING
[18:19:27] TX ACK PING
[18:19:30] RX PING
[18:19:30] TX ACK PING
[18:19:34] RX PING
[18:19:34] TX ACK PING
[18:19:37] RX PING
[18:19:37] TX ACK PING
[18:19:40] RX PING
[18:19:40] TX ACK PING
[18:19:43] RX PING
[18:19:43] TX ACK PING
[18:19:46] RX PING
[18:19:46] TX ACK PING
[18:19:50] RX PING
[18:19:50] TX ACK PING
[18:19:53] RX PING
[18:19:53] TX ACK PING
[18:19:56] RX PING
[18:19:56] TX ACK PING
[18:19:59] RX PING
[18:19:59] TX ACK PING
[18:20:02] RX PING
[18:20:02] TX ACK PING
[18:20:06] RX PING
[18:20:06] TX ACK PING
[18:20:09] RX PING
[18:20:09] TX ACK PING
[18:20:12] RX PING
[18:20:12] TX ACK PING
[18:20:15] RX PING
[18:20:15] TX ACK PING
[18:20:18] RX PING
[18:20:18] TX ACK PING
[18:20:22] RX PING
[18:20:22] TX ACK PING
[18:20:25] RX PING
[18:20:25] TX ACK PING
[18:20:28] RX PING
[18:20:28] TX ACK PING
[18:20:31] RX PING
[18:20:31] TX ACK PING
[18:20:34] RX PING
[18:20:34] TX ACK PING
[18:20:38] RX PING
[18:20:38] TX ACK PING
[18:20:41] RX PING
[18:20:41] TX ACK PING
[18:20:44] RX PING
[18:20:44] TX ACK PING
[18:20:47] RX PING
[18:20:47] TX ACK PING
[18:20:50] RX PING
[18:20:50] TX ACK PING
[18:20:54] RX PING
[18:20:54] TX ACK PING
[18:20:57] RX PING
[18:20:57] TX ACK PING
[18:21:00] RX PING
[18:21:00] TX ACK PING
[18:21:03] RX PING
[18:21:03] TX ACK PING
[18:21:06] RX PING
[18:21:06] TX ACK PING
[18:21:10] RX PING
[18:21:10] TX ACK PING
[18:21:13] RX PING
[18:21:13] TX ACK PING
[18:21:16] RX PING
[18:21:16] TX ACK PING
[18:21:19] RX PING
[18:21:19] TX ACK PING
[18:21:22] RX PING
[18:21:22] TX ACK PING
[18:21:26] RX PING
[18:21:26] TX ACK PING
[18:21:29] RX PING
[18:21:29] TX ACK PING
[18:21:32] RX PING
[18:21:32] TX ACK PING
[18:21:35] RX PING
[18:21:35] TX ACK PING
[18:21:38] RX PING
[18:21:38] TX ACK PING
[18:21:42] RX PING
[18:21:42] TX ACK PING
[18:21:45] RX PING
[18:21:45] TX ACK PING
[18:21:48] RX PING
[18:21:48] TX ACK PING
[18:21:51] RX PING
[18:21:51] TX ACK PING
[18:21:54] RX PING
[18:21:54] TX ACK PING
[18:21:58] RX PING
[18:21:58] TX ACK PING
[18:22:01] RX PING
[18:22:01] TX ACK PING
[18:22:04] RX PING
[18:22:04] TX ACK PING
[18:22:07] RX PING
[18:22:07] TX ACK PING
[18:22:10] RX PING
[18:22:10] TX ACK PING
[18:22:14] RX PING
[18:22:14] TX ACK PING
[18:22:17] RX PING
[18:22:17] TX ACK PING
[18:22:20] RX PING
[18:22:20] TX ACK PING
[18:22:23] RX PING
[18:22:23] TX ACK PING
[18:22:26] RX PING
[18:22:26] TX ACK PING
[18:22:30] RX PING
[18:22:30] TX ACK PING
[18:22:33] RX PING
[18:22:33] TX ACK PING
[18:22:36] RX PING
[18:22:36] TX ACK PING
[18:22:39] RX PING
[18:22:39] TX ACK PING
[18:22:42] RX PING
[18:22:42] TX ACK PING
[18:22:46] RX PING
[18:22:46] TX ACK PING
[18:22:49] RX PING
[18:22:49] TX ACK PING
[18:22:52] RX PING
[18:22:52] TX ACK PING
[18:22:55] RX PING
[18:22:55] TX ACK PING
[18:22:58] RX PING
[18:22:58] TX ACK PING
[18:23:02] RX PING
[18:23:02] TX ACK PING
[18:23:05] RX PING
[18:23:05] TX ACK PING
[18:23:08] RX PING
[18:23:08] TX ACK PING
[18:23:11] RX PING
[18:23:11] TX ACK PING
[18:23:14] RX PING
[18:23:14] TX ACK PING
[18:23:18] RX PING
[18:23:18] TX ACK PING
[18:23:21] RX PING
[18:23:21] TX ACK PING
[18:23:24] RX PING
[18:23:24] TX ACK PING
[18:23:27] RX PING
[18:23:27] TX ACK PING
[18:23:30] RX PING
[18:23:30] TX ACK PING
[18:23:34] RX PING
[18:23:34] TX ACK PING
[18:23:37] RX PING
[18:23:37] TX ACK PING
[18:23:40] RX PING
[18:23:40] TX ACK PING
[18:23:43] RX PING
[18:23:43] TX ACK PING
[18:23:46] RX PING
[18:23:46] TX ACK PING
[18:23:50] RX PING
[18:23:50] TX ACK PING
[18:23:53] RX PING
[18:23:53] TX ACK PING
[18:23:56] RX PING
[18:23:56] TX ACK PING
[18:23:59] RX PING
[18:23:59] TX ACK PING
[18:24:02] RX PING
[18:24:02] TX ACK PING
[18:24:06] RX PING
[18:24:06] TX ACK PING
[18:24:09] RX PING
[18:24:09] TX ACK PING
[18:24:12] RX PING
[18:24:12] TX ACK PING
[18:24:15] RX PING
[18:24:15] TX ACK PING
[18:24:18] RX PING
[18:24:18] TX ACK PING
[18:24:22] RX PING
[18:24:22] TX ACK PING
[18:24:25] RX PING
[18:24:25] TX ACK PING
[18:24:28] RX PING
[18:24:28] TX ACK PING
[18:24:31] RX PING
[18:24:31] TX ACK PING
[18:24:34] RX PING
[18:24:34] TX ACK PING
[18:24:38] RX PING
[18:24:38] TX ACK PING
[18:24:41] RX PING
[18:24:41] TX ACK PING
[18:24:44] RX PING
[18:24:44] TX ACK PING
[18:24:47] RX PING
[18:24:47] TX ACK PING
[18:24:50] RX PING
[18:24:50] TX ACK PING
[18:24:54] RX PING
[18:24:54] TX ACK PING
[18:24:57] RX PING
[18:24:57] TX ACK PING
[18:25:00] RX PING
[18:25:00] TX ACK PING
[18:25:03] RX PING
[18:25:03] TX ACK PING
[18:25:06] RX PING
[18:25:06] TX ACK PING
[18:25:10] RX PING
[18:25:10] TX ACK PING
[18:25:13] RX PING
[18:25:13] TX ACK PING
[18:25:16] RX PING
[18:25:16] TX ACK PING
[18:25:19] RX PING
[18:25:19] TX ACK PING
[18:25:22] RX PING
[18:25:22] TX ACK PING
[18:25:26] RX PING
[18:25:26] TX ACK PING
[18:25:29] RX PING
[18:25:29] TX ACK PING
[18:25:32] RX PING
[18:25:32] TX ACK PING
[18:25:35] RX PING
[18:25:35] TX ACK PING
[18:25:38] RX PING
[18:25:38] TX ACK PING
[18:25:42] RX PING
[18:25:42] TX ACK PING
[18:25:45] RX PING
[18:25:45] TX ACK PING
[18:25:48] RX PING
[18:25:48] TX ACK PING
[18:25:51] RX PING
[18:25:51] TX ACK PING
[18:25:54] RX PING
[18:25:54] ROJO — maximum recursion depth exceeded while calling a Python object
