[19:22:08]           == H1-G repeticion 2 — host silencioso en puerto 5000
[19:22:08]           == En el ZX: DIRECT guest hacia la IP de este PC, haz UNA jugada y no toques nada mas
[19:22:08]           -- esperando conexion del ZX (fase 1: partida)...
[19:22:14]           -- conexion de 192.168.0.198:4575
[19:22:14]           TX HELLO DIRECT HOST WHITE=GUEST
[19:22:14]           RX HELLO DIRECT GUEST
[19:22:14]           TX GAME START WHITE=GUEST
[19:22:14]           RX HELLO DIRECT GUEST
[19:22:14]           TX GAME START WHITE=GUEST
[19:22:15]           RX ACK GAME START
[19:22:17]           RX ACK GAME START
[19:22:19]           RX MOVE 1 e2e4
[19:22:19]           TX ACK 1
[19:22:19]   +0.000s >> t0 fijado (ACK 1 enviado). Host mudo desde ahora. No toques el ZX.
[19:22:23]   +4.390s RX PING
[19:22:39]  +19.515s RX PING
[19:22:59]  +40.140s >> conexion cerrada por el ZX a t0+40.140s
[19:22:59]  +40.140s -- esperando conexion del ZX (fase 2: reconecta desde el ZX, partida nueva)...
[19:22:59]  +40.203s -- conexion de 192.168.0.198:45668
[19:22:59]  +40.203s TX HELLO DIRECT HOST WHITE=GUEST
[19:23:09]  +49.609s == RESUMEN ==
[19:23:09]  +49.609s    PING 1: t0+4.390s (esperado ~3.0s) FUERA DE TOLERANCIA
[19:23:09]  +49.609s    PING 2: t0+19.515s (esperado ~18.0s) FUERA DE TOLERANCIA
[19:23:09]  +49.609s    teardown: t0+40.140s (esperado ~33.0s) FUERA DE TOLERANCIA
[19:23:09]  +49.609s    reconexion con HELLO nuevo: FALLO
[19:23:09]  +49.609s == VEREDICTO r2: ROJO ==
