[19:17:36]           == H1-G repeticion 1 — host silencioso en puerto 5000
[19:17:36]           == En el ZX: DIRECT guest hacia la IP de este PC, haz UNA jugada y no toques nada mas
[19:17:36]           -- esperando conexion del ZX (fase 1: partida)...
[19:17:54]           -- conexion de 192.168.0.198:7072
[19:17:54]           TX HELLO DIRECT HOST WHITE=GUEST
[19:17:55]           RX HELLO DIRECT GUEST
[19:17:55]           TX GAME START WHITE=GUEST
[19:17:55]           RX HELLO DIRECT GUEST
[19:17:55]           TX GAME START WHITE=GUEST
[19:17:55]           RX ACK GAME START
[19:17:57]           RX ACK GAME START
[19:18:00]           RX PING
[19:18:03]           RX MOVE 1 e2e4
[19:18:03]           TX ACK 1
[19:18:03]   +0.000s >> t0 fijado (ACK 1 enviado). Host mudo desde ahora. No toques el ZX.
[19:18:07]   +4.360s RX PING
[19:18:22]  +19.500s RX PING
[19:18:43]  +40.125s >> conexion cerrada por el ZX a t0+40.125s
[19:18:43]  +40.125s -- esperando conexion del ZX (fase 2: reconecta desde el ZX, partida nueva)...
[19:18:43]  +40.172s -- conexion de 192.168.0.198:18583
[19:18:43]  +40.172s TX HELLO DIRECT HOST WHITE=GUEST
[19:18:44]  +40.656s RX HELLO DIRECT GUEST
[19:18:44]  +40.656s >> handshake nuevo OK (sin replay). Puedes cortar aqui (Ctrl+C) o jugar.
[19:18:44]  +40.656s TX GAME START WHITE=GUEST
[19:18:44]  +40.813s RX HELLO DIRECT GUEST
[19:18:44]  +40.813s >> handshake nuevo OK (sin replay). Puedes cortar aqui (Ctrl+C) o jugar.
[19:18:44]  +40.813s TX GAME START WHITE=GUEST
[19:18:44]  +41.031s RX ACK GAME START
[19:18:44]  +41.031s == RESUMEN ==
[19:18:44]  +41.031s    PING 1: t0+4.360s (esperado ~3.0s) FUERA DE TOLERANCIA
[19:18:44]  +41.031s    PING 2: t0+19.500s (esperado ~18.0s) FUERA DE TOLERANCIA
[19:18:44]  +41.031s    teardown: t0+40.125s (esperado ~33.0s) FUERA DE TOLERANCIA
[19:18:44]  +41.031s    reconexion con HELLO nuevo: OK
[19:18:44]  +41.031s == VEREDICTO r1: ROJO ==
